
> kpop-math-mvp@0.1.0 build
> next build

  ??Next.js 14.2.35
  - Environments: .env.local

   Creating an optimized production build ...
 ??Compiled successfully
   Linting and checking validity of types ...
node.exe : Failed to compile.
위치 줄:1 문자:1
+ & "C:\Program Files\nodejs/node.e
xe" "C:\Program Files\nodejs/node_m
o ...
+ ~~~~~~~~~~~~~~~~~~~~~~~~~~~~~~~~~
~~~~~~~~~~~~~~~~~~~~~~~~~~~~~~~~~~~
~
    + CategoryInfo          : NotS 
   pecified: (Failed to compile.:  
  String) [], RemoteException
    + FullyQualifiedErrorId : Nati 
   veCommandError
 

./lib/supabase/lessons.ts:149:15
Type error: No overload matches thi
s call.
  Overload 1 of 2, '(relation: "les
sons" | "user_progress" | "users"):
 PostgrestQueryBuilder<{ PostgrestV
ersion: "12"; }, { Tables: { lesson
s: { Row: { id: string; created_at:
 string; updated_at: string; title:
 string; artist: string; math_conce
pt: string; difficulty: "beginner" 
| ... 1 more ... | "advanced"; tier
_content: any; is_published: boolea
n; }; Insert: { ...; }; Update: { .
..; }; Relationships: any[]; }; use
rs: { ...; }; user_progress: { ...;
 }; }; Views: {}; Functions: {}; En
ums: {}; }, { ...; } | ... 1 more .
.. | { ...; }, "lessons" | ... 1 mo
re ... | "users", any[]>', gave the
 following error.
    Argument of type '"lesson_progr
ess"' is not assignable to paramete
r of type '"lessons" | "user_progre
ss" | "users"'.
  Overload 2 of 2, '(relation: neve
r): PostgrestQueryBuilder<{ Postgre
stVersion: "12"; }, { Tables: { les
sons: { Row: { id: string; created_
at: string; updated_at: string; tit
le: string; artist: string; math_co
ncept: string; difficulty: "beginne
r" | ... 1 more ... | "advanced"; t
ier_content: any; is_published: boo
lean; }; Insert: { ...; }; Update: 
{ ...; }; Relationships: any[]; }; 
users: { ...; }; user_progress: { .
..; }; }; Views: {}; Functions: {};
 Enums: {}; }, never, never, never>
', gave the following error.
    Argument of type '"lesson_progr
ess"' is not assignable to paramete
r of type 'never'.

[0m [90m 147 |[39m )[33m:[39m 
[33mPromise[39m[33m<[39m[33mLe
ssonProgress[39m [33m|[39m [36m
null[39m[33m>[39m {[0m
[0m [90m 148 |[39m     [36mcons
t[39m { data[33m,[39m error } [
33m=[39m [36mawait[39m client[0
m
[0m[31m[1m>[22m[39m[90m 149 |
[39m         [33m.[39m[36mfrom
[39m([32m'lesson_progress'[39m)[
0m
[0m [90m     |[39m              
 [31m[1m^[22m[39m[0m
[0m [90m 150 |[39m         [33m
.[39mselect([32m'*'[39m)[0m
[0m [90m 151 |[39m         [33m
.[39meq([32m'user_id'[39m[33m,
[39m userId)[0m
[0m [90m 152 |[39m         [33m
.[39meq([32m'lesson_id'[39m[33m
,[39m lessonId)[0m
Next.js build worker exited with co
de: 1 and signal: null
